{
  "@context": "/api/v2/contexts/Draft",
  "@id": "/api/v2/shop/account/vendor/product-drafts/@string@",
  "@type": "Draft",
  "uuid": "@string@",
  "code": "product_draft_bruce_1",
  "status": "created",
  "verifiedAt": null,
  "publishedAt": null,
  "images": [
    []
  ],
  "translations": {
    "en_US": "/api/v2/shop/account/vendor/product-draft/translations/@string@"
  },
  "productListingPrices": {
    "CODE": []
  },
  "attributes": [
    []
  ],
  "mainTaxon": "/api/v2/shop/taxons/CATEGORY",
  "productDraftTaxons": [
    []
  ]
}
