{
  "@context": "/api/v2/contexts/Order",
  "@id": "/api/v2/shop/orders",
  "@type": "hydra:Collection",
  "hydra:member": [
    {
      "@id": "/api/v2/shop/orders/order_made_by_peter",
      "@type": "Order",
      "tokenValue": "order_made_by_peter",
      "id": "@integer@",
      "itemsTotal": 0
    }
  ],
  "hydra:totalItems": 1
}
