{
  "@context": "/api/v2/contexts/Order",
  "@id": "/api/v2/shop/orders",
  "@type": "hydra:Collection",
  "hydra:member": [
    {
      "@id": "/api/v2/shop/orders/bruce_order_made_by_john_1",
      "@type": "Order",
      "tokenValue": "bruce_order_made_by_john_1",
      "id": "@integer@",
      "itemsTotal": 0
    },
    {
      "@id": "/api/v2/shop/orders/bruce_order_made_by_john_2",
      "@type": "Order",
      "tokenValue": "bruce_order_made_by_john_2",
      "id": "@integer@",
      "itemsTotal": 0
    },
    {
      "@id": "/api/v2/shop/orders/peter_order_made_by_john",
      "@type": "Order",
      "tokenValue": "peter_order_made_by_john",
      "id": "@integer@",
      "itemsTotal": 0
    }
  ],
  "hydra:totalItems": 3
}
