{
    "@context": "\/api\/v2\/contexts\/ConstraintViolationList",
    "@type": "ConstraintViolationList",
    "hydra:title": "An error occurred",
    "hydra:description": "taxIdentifier: Required length: 3 characters.\ncompanyName: Required length: 3 characters.\nphoneNumber: Required length: 3 characters.\ndescription: Required length: 3 characters.\nvendorAddress.city: Required length: 3 characters.\nvendorAddress.street: Required length: 3 characters.\nvendorAddress.postalCode: Required length: 3 characters.",
    "violations": [
        {
            "propertyPath": "taxIdentifier",
            "message": "Required length: 3 characters.",
            "code": "@string@"
        },
        {
            "propertyPath": "companyName",
            "message": "Required length: 3 characters.",
            "code": "@string@"
        },
        {
            "propertyPath": "phoneNumber",
            "message": "Required length: 3 characters.",
            "code": "@string@"
        },
        {
            "propertyPath": "description",
            "message": "Required length: 3 characters.",
            "code": "@string@"
        },
        {
            "propertyPath": "vendorAddress.city",
            "message": "Required length: 3 characters.",
            "code": "@string@"
        },
        {
            "propertyPath": "vendorAddress.street",
            "message": "Required length: 3 characters.",
            "code": "@string@"
        },
        {
            "propertyPath": "vendorAddress.postalCode",
            "message": "Required length: 3 characters.",
            "code": "@string@"
        }
    ]
}