{
    "@context": "\/api\/v2\/contexts\/ConstraintViolationList",
    "@type": "ConstraintViolationList",
    "hydra:title": "An error occurred",
    "hydra:description": "vendorAddress.country: This field cannot be empty\nvendorAddress.city: This field cannot be empty\nvendorAddress.street: This field cannot be empty\nvendorAddress.postalCode: This field cannot be empty",
    "violations": [
        {
            "propertyPath": "vendorAddress.country",
            "message": "This field cannot be empty",
            "code": "@string@"
        },
        {
            "propertyPath": "vendorAddress.city",
            "message": "This field cannot be empty",
            "code": "@string@"
        },
        {
            "propertyPath": "vendorAddress.street",
            "message": "This field cannot be empty",
            "code": "@string@"
        },
        {
            "propertyPath": "vendorAddress.postalCode",
            "message": "This field cannot be empty",
            "code": "@string@"
        }
    ]
}