{
    "@context": "\/api\/v2\/contexts\/Vendor",
    "@id": "\/api\/v2\/shop\/vendors\/@string@",
    "@type": "Vendor",
    "uuid": "@string@",
    "companyName": "Wayland Corp",
    "taxIdentifier": "345",
    "phoneNumber": "123456789",
    "vendorAddress": {
        "@type": "Address",
        "country": "\/api\/v2\/shop\/countries\/PL",
        "city": "Warszawa",
        "street": "Jasna 1",
        "postalCode": "12-123"
    },
    "slug": "Wayland-Corp",
    "description": "Wayland Corp Desc",
    "image": null,
    "backgroundImage": null
}
