{
  "@context": "\/api\/v2\/contexts\/Listing",
  "@id": "\/api\/v2\/shop\/account\/vendor\/product-listings",
  "@type": "hydra:Collection",
  "hydra:member": [
    {
      "@id": "\/api\/v2\/shop\/account\/vendor\/product-listings\/@string@",
      "@type": "Listing",
      "uuid": "@string@",
      "code": "product_listing_bruce_2",
      "enabled": true,
      "verificationStatus": "verified",
      "latestDraft": {
        "@id": "\/api\/v2\/shop\/account\/vendor\/product-drafts\/@string@",
        "@type": "Draft",
        "uuid": "@string@",
        "code": "product_draft_bruce_2",
        "status": "created",
        "verifiedAt": null,
        "publishedAt": null,
        "images": [],
        "translations": {
          "en_US": {
            "@id": "\/api\/v2\/shop\/account\/vendor\/product-draft\/translations\/@string@",
            "@type": "DraftTranslation",
            "uuid": "@string@",
            "name": "product_draft_bruce_2_translations_us",
            "slug": "product_draft_bruce_2_translations_us",
            "description": null,
            "metaKeywords": null,
            "metaDescription": null,
            "shortDescription": null,
            "locale": "en_US"
          }
        },
        "productListingPrices": {
          "CODE": {
            "@type": "ListingPrice",
            "uuid": "@string@",
            "price": 150,
            "originalPrice": 200,
            "minimumPrice": 90,
            "channelCode": "CODE"
          }
        },
        "attributes": [
          {
            "@type": "DraftAttributeValue",
            "uuid": "@string@",
            "attribute": "\/api\/v2\/shop\/account\/vendor\/product-draft\/attributes\/@string@",
            "value": "example value"
          }
        ],
        "mainTaxon": "\/api\/v2\/shop\/taxons\/CATEGORY",
        "productDraftTaxons": [
          {
            "@type": "DraftTaxon",
            "uuid": "@string@",
            "taxon": "\/api\/v2\/shop\/taxons\/HAT",
            "position": 2
          }
        ]
      },
      "product": null,
      "lastVerifiedAt": null
    }
  ],
  "hydra:totalItems": 1,
  "hydra:view": {
    "@id": "/api/v2/shop/account/vendor/product-listings?verificationStatus=verified",
    "@type": "hydra:PartialCollectionView"
  },
  "hydra:search": {
    "@type": "hydra:IriTemplate",
    "hydra:template": "/api/v2/shop/account/vendor/product-listings{?code,verificationStatus,verificationStatus[]}",
    "hydra:variableRepresentation": "BasicRepresentation",
    "hydra:mapping": [
      {
        "@type": "IriTemplateMapping",
        "variable": "code",
        "property": "code",
        "required": false
      },
      {
        "@type": "IriTemplateMapping",
        "variable": "verificationStatus",
        "property": "verificationStatus",
        "required": false
      },
      {
        "@type": "IriTemplateMapping",
        "variable": "verificationStatus[]",
        "property": "verificationStatus",
        "required": false
      }
    ]
  }
}
