{
  "@context": "/api/v2/contexts/Listing",
  "@id": "/api/v2/shop/account/vendor/product-listings/@string@",
  "@type": "Listing",
  "uuid": "@string@",
  "code": "product_listing_bruce_1",
  "enabled": true,
  "verificationStatus": "under_verification",
  "latestDraft": {
    "@id": "/api/v2/shop/account/vendor/product-drafts/@string@",
    "@type": "Draft",
    "uuid": "@string@",
    "code": "product_draft_bruce_1",
    "status": "under_verification",
    "verifiedAt": null,
    "publishedAt":  "@string@.isDateTime()",
    "images": [],
    "translations": {
      "en_US": {
        "@id": "/api/v2/shop/account/vendor/product-draft\/translations/@string@",
        "@type": "DraftTranslation",
        "uuid": "@string@",
        "name": "product_draft_bruce_1_translations_us",
        "slug": "product_draft_bruce_1_translations_us",
        "description": null,
        "metaKeywords": null,
        "metaDescription": null,
        "shortDescription": null,
        "locale": "en_US"
      }
    },
    "productListingPrices": {
      "CODE": {
        "@type": "ListingPrice",
        "uuid": "@string@",
        "price": 100,
        "originalPrice": 80,
        "minimumPrice": 90,
        "channelCode": "CODE"
      }
    },
    "attributes": [
      {
        "@type": "DraftAttributeValue",
        "uuid": "@string@",
        "attribute": "/api/v2/shop/account/vendor/product-draft/attributes/@string@",
        "value": "example value"
      }
    ],
    "mainTaxon": "/api/v2/shop/taxons/CATEGORY",
    "productDraftTaxons": [
      {
        "@type": "DraftTaxon",
        "uuid": "@string@",
        "taxon": "/api/v2/shop/taxons/MUG",
        "position": 1
      }
    ]
  },
  "product": null,
  "lastVerifiedAt": null
}
