{
    "@context": "/api/v2/contexts/Listing",
    "@id": "/api/v2/shop/account/vendor/product-listings/@string@",
    "@type": "Listing",
    "uuid": "@string@",
    "code": "product_listing_bruce_1",
    "enabled": true,
    "verificationStatus": "created",
    "latestDraft": {
        "@id": "/api/v2/shop/account/vendor/product-drafts/@string@",
        "@type": "Draft",
        "uuid": "@string@",
        "code": "product_draft_bruce_1",
        "status": "created",
        "images": [],
        "verifiedAt": null,
        "publishedAt": null,
        "translations": {
            "en_US": {
                "@id": "/api/v2/shop/account/vendor/product-draft/translations/@string@",
                "@type": "DraftTranslation",
                "uuid": "@string@",
                "locale": "en_US",
                "name": "Changed name",
                "slug": "Changed slug",
                "description": "Changed description",
                "metaKeywords": "Test metaKeywords",
                "metaDescription": "Test metaDescription",
                "shortDescription": "Test shortDescription"
            }
},
        "productListingPrices": {
            "CODE": {
                "@type": "ListingPrice",
                "uuid": "@string@",
                "price": 120,
                "originalPrice": 110,
                "minimumPrice": 115,
                "channelCode": "CODE"
            }
        },
        "attributes": [
            {
                "@type": "DraftAttributeValue",
                "uuid": "@string@",
                "attribute": "/api/v2/shop/account/vendor/product-draft/attributes/@string@",
                "value": "changed value"
            }
        ],
        "mainTaxon": "/api/v2/shop/taxons/SECOND_CATEGORY",
        "productDraftTaxons": [
            {
                "@type": "DraftTaxon",
                "uuid": "@string@",
                "taxon": "/api/v2/shop/taxons/HAT",
                "position": 2
            }
        ]
    },
    "product": null,
    "lastVerifiedAt": null
}
