{
    "@context": "\/api\/v2\/contexts\/Listing",
    "@id": "\/api\/v2\/shop\/account\/vendor\/product-listings\/@string@",
    "@type": "Listing",
    "uuid": "@string@",
    "code": "test",
    "enabled": true,
    "verificationStatus": "created",
    "latestDraft": {
        "@id": "\/api\/v2\/shop\/account\/vendor\/product-drafts\/@string@",
        "@type": "Draft",
        "uuid": "@string@",
        "code": "test",
        "status": "created",
        "images": [
            {
                "@type": "DraftImage",
                "uuid": "@string@",
                "path": "@string@\/product1.png"
            }
        ],
        "translations": [
            {
                "@id": "\/api\/v2\/shop\/account\/vendor\/product-draft\/translations\/@string@",
                "@type": "DraftTranslation",
                "uuid": "@string@",
                "name": "Test",
                "description": "Test description",
                "metaKeywords": "Test metaKeywords",
                "metaDescription": "Test metaDescription",
                "shortDescription": "Test shortDescription",
                "locale": "en_US"
            }
        ],
        "productListingPrices": [
            {
                "@type": "ListingPrice",
                "uuid": "@string@",
                "price": 100,
                "originalPrice": 110,
                "minimumPrice": 80,
                "channelCode": "CODE"
            }
        ],
        "attributes": [
            {
                "@type": "DraftAttributeValue",
                "uuid": "@string@",
                "attribute": "\/api\/v2\/shop\/account\/vendor\/product-draft\/attributes\/@string@",
                "value": "example text value"
            }
        ],
        "mainTaxon": "\/api\/v2\/shop\/taxons\/CATEGORY",
        "productDraftTaxons": [
            {
                "@type": "DraftTaxon",
                "uuid": "@string@",
                "taxon": "\/api\/v2\/shop\/taxons\/MUG",
                "position": 2
            }
        ]
    },
    "product": null,
    "lastVerifiedAt": null
}
