{
    "code": 500,
    "message": "Item not found for \u0022\/api\/v2\/shop\/countries\/RO\u0022."
}