{
    "code": 500,
    "message": "Invalid IRI \u0022PL\u0022."
}