{
    "@context": "\/api\/v2\/contexts\/Vendor",
    "@id": "\/api\/v2\/shop\/vendors\/@string@",
    "@type": "Vendor",
    "uuid": "@string@",
    "companyName": "Wayne Enterprises",
    "taxIdentifier": "345",
    "phoneNumber": "123456789",
    "vendorAddress": {
        "@type": "Address",
        "country": "\/api\/v2\/shop\/countries\/PL",
        "city": "New York",
        "street": "Wall St. 1",
        "postalCode": "12123"
    },
    "slug": "Wayne-Enterprises",
    "description": "Wayne Enterprises Desc",
    "image": null,
    "backgroundImage": null
}
