{
    "@context": "\/api\/v2\/contexts\/Order",
    "@id": "\/api\/v2\/shop\/orders\/@string@",
    "@type": "Order",
    "shippingAddress": {
        "@id": "\/api\/v2\/shop\/addresses\/@integer@",
        "@type": "Address",
        "firstName": "John",
        "lastName": "Novak",
        "countryCode": "PL",
        "street": "Testowa 3",
        "city": "Warszawa",
        "postcode": "11-123"
    },
    "billingAddress": {
        "@id": "\/api\/v2\/shop\/addresses\/@integer@",
        "@type": "Address",
        "firstName": "John",
        "lastName": "Novak",
        "countryCode": "PL",
        "street": "Testowa 3",
        "city": "Warszawa",
        "postcode": "11-123"
    },
    "payments": [
        {
            "@id": "\/api\/v2\/shop\/payments\/@integer@",
            "@type": "Payment",
            "id": "@integer@",
            "method": "\/api\/v2\/shop\/payment-methods\/CASH_ON_DELIVERY"
        }
    ],
    "shipments": [
        {
            "@id": "\/api\/v2\/shop\/shipments\/@integer@",
            "@type": "Shipment",
            "id": "@integer@",
            "method": "\/api\/v2\/shop\/shipping-methods\/ups",
            "vendor": {
                "@id": "\/api\/v2\/shop\/vendors\/@string@",
                "@type": "Vendor",
                "uuid": "@string@",
                "slug": "oliver-queen-company"
            }
        },
        {
            "@id": "\/api\/v2\/shop\/shipments\/@integer@",
            "@type": "Shipment",
            "id": "@integer@",
            "method": "\/api\/v2\/shop\/shipping-methods\/fedex",
            "vendor": {
                "@id": "\/api\/v2\/shop\/vendors\/@string@",
                "@type": "Vendor",
                "uuid": "@string@",
                "slug": "bruce-wayne-company"
            }
        }
    ],
    "currencyCode": "USD",
    "localeCode": "en_US",
    "checkoutState": "shipping_selected",
    "paymentState": "cart",
    "shippingState": "cart",
    "tokenValue": "@string@",
    "id": "@integer@",
    "items": [
        {
            "@id": "\/api\/v2\/shop\/order-items\/@integer@",
            "@type": "OrderItem",
            "variant": "\/api\/v2\/shop\/product-variants\/olivier_1_1",
            "productName": "olivier_first_product",
            "id": "@integer@",
            "quantity": 3,
            "unitPrice": 10,
            "originalUnitPrice": 15,
            "total": 30,
            "discountedUnitPrice": 10,
            "subtotal": 30
        },
        {
            "@id": "\/api\/v2\/shop\/order-items\/@integer@",
            "@type": "OrderItem",
            "variant": "\/api\/v2\/shop\/product-variants\/bruce_1_1",
            "productName": "bruce_first_product",
            "id": "@integer@",
            "quantity": 1,
            "unitPrice": 11,
            "originalUnitPrice": 16,
            "total": 11,
            "discountedUnitPrice": 11,
            "subtotal": 11
        }
    ],
    "itemsTotal": 41,
    "total": 51,
    "taxTotal": 0,
    "shippingTotal": 10,
    "orderPromotionTotal": 0
}