{
    "@context": "\/api\/v2\/contexts\/Order",
    "@id": "\/api\/v2\/shop\/orders\/@string@",
    "@type": "Order",
    "tokenValue": "@string@",
    "id": "@integer@",
    "itemsTotal": 0
}