{
    "@context": "\/api\/v2\/contexts\/ShippingMethod",
    "@id": "\/api\/v2\/shop\/orders\/@string@\/shipments\/@integer@\/methods",
    "@type": "hydra:Collection",
    "hydra:member": [
        {
            "@id": "\/api\/v2\/shop\/shipping-methods\/ups",
            "@type": "ShippingMethod",
            "id": "@integer@",
            "code": "ups",
            "position": 0,
            "name": "ups",
            "price": 5
        }
    ],
    "hydra:totalItems": 1
}