{
  "@context": "/api/v2/contexts/Customer",
  "@id": "/api/v2/shop/customers/@string@",
  "@type": "Customer",
  "defaultAddress": "/api/v2/shop/addresses/@string@",
  "user": {
    "@type": "ShopUser",
    "@id": "true",
    "vendor": null,
    "verified": false
  },
  "email": "john.smith@example.com",
  "firstName": "John",
  "lastName": "Smith",
  "gender": "u",
  "subscribedToNewsletter": false,
  "fullName": "John Smith"
}
