{
  "@context": "/api/v2/contexts/Customer",
  "@id": "/api/v2/shop/account/vendor/customers/@string@",
  "@type": "Customer",
  "defaultAddress": {
    "@id": "/api/v2/shop/addresses/@string@",
    "@type": "Address",
    "firstName": "John",
    "lastName": "Smith",
    "phoneNumber": null,
    "company": null,
    "countryCode": "US",
    "provinceCode": null,
    "provinceName": null,
    "street": "Avenue 2115",
    "city": "Arkham City",
    "postcode": "00000"
  },
  "user": {
    "@type": "ShopUser",
    "@id": "true",
    "enabled": true,
    "vendor": null,
    "verified": false
  },
  "email": "john.smith@example.com",
  "firstName": "John",
  "lastName": "Smith",
  "gender": "u",
  "phoneNumber": "123456789"
}
