{
  "@context": "/api/v2/contexts/Customer",
  "@id": "/api/v2/shop/customers/@string@",
  "@type": "Customer",
  "defaultAddress": null,
  "user": {
    "@type": "ShopUser",
    "@id": "true",
    "vendor": {
      "@id": "/api/v2/shop/vendors/@string@",
      "@type": "Vendor",
      "uuid": "@string@",
      "slug": "Wayne-Enterprises-Inc"
    },
    "verified": false
  },
  "email": "bruce.wayne@example.com",
  "firstName": "Bruce",
  "lastName": "Wayne",
  "gender": "u",
  "subscribedToNewsletter": false,
  "fullName": "Bruce Wayne"
}
