{
  "@context": "\/api\/v2\/contexts\/ConstraintViolationList",
  "@type": "ConstraintViolationList",
  "hydra:title": "An error occurred",
  "hydra:description": "amount: On hand must be greater than the number of on hold units",
  "violations": [
    {
      "propertyPath": "amount",
      "message": "On hand must be greater than the number of on hold units",
      "code": "@string@"
    }
  ]
}