{
  "@context": "\/api\/v2\/contexts\/ProductVariant",
  "@id": "\/api\/v2\/shop\/product-variants\/bruce_1_2",
  "@type": "ProductVariant",
  "onHold": 0,
  "amount": 1,
  "tracked": true,
  "code": "bruce_1_2",
  "position": 1
}