{
  "@context": "\/api\/v2\/contexts\/ProductVariant",
  "@id": "\/api\/v2\/shop\/product-variants\/bruce_2_1",
  "@type": "ProductVariant",
  "onHold": 0,
  "amount": 5,
  "tracked": true,
  "code": "bruce_2_1",
  "position": 0
}