{
  "@context": "/api/v2/contexts/Error",
  "@type": "hydra:Error",
  "hydra:title": "An error occurred",
  "hydra:description": "Internal Server Error"
}